

                                                                      Page 1
ispLEVER Classic 2.0.00.17.20.15  -  Device Utilization Chart         Fri May 20 05:29:54 2016

Jukebox Display



--------------------------------------------------------------------------------

Module                   : 'jukebox'

--------------------------------------------------------------------------------

Input files:

    ABEL PLA file        : pldzero.tt3
    Device library       : P16V8R.dev

Output files:

    Report file          : pldzero.rpt
    Programmer load file : pldzero.jed

--------------------------------------------------------------------------------


                                                                      Page 2
ispLEVER Classic 2.0.00.17.20.15  -  Device Utilization Chart         Fri May 20 05:29:54 2016

Jukebox Display

P16V8R Programmed Logic:
--------------------------------------------------------------------------------



UD     = (0);
UD.OE  = (1);

POTCS     = !(0);
POTCS.OE  = (1);

DISPE     = (0);
DISPE.OE  = (1);

DSPRW     = (0);
DSPRW.OE  = (1);

DSPCS     = (0);
DSPCS.OE  = (1);

oSRDY     = !(0);
oSRDY.OE  = (1);

DSPDIR     = !(0);
DSPDIR.OE  = (1);

St0.D   = (0); " ISTYPE 'INVERT'
St0.C   = (  Clock );



                                                                      Page 3
ispLEVER Classic 2.0.00.17.20.15  -  Device Utilization Chart         Fri May 20 05:29:54 2016

Jukebox Display

P16V8R Chip Diagram:
--------------------------------------------------------------------------------




                                    P16V8R

                         +---------\       /---------+
                         |          \     /          |
                         |           -----           |
                   Clock |  1                    20  | Vcc                     
                         |                           |
                   iSRDY |  2                    19  | !DSPDIR                 
                         |                           |
                    PCS6 |  3                    18  | !oSRDY                  
                         |                           |
                    PCS5 |  4                    17  | !DSPCS                  
                         |                           |
                   RESET |  5                    16  | !DSPRW                  
                         |                           |
                     DTR |  6                    15  | !DISPE                  
                         |                           |
                         |  7                    14  | !POTCS                  
                         |                           |
                         |  8                    13  | !UD                     
                         |                           |
                         |  9                    12  | !St0                    
                         |                           |
                     GND | 10                    11  |                         
                         |                           |
                         |                           |
                         `---------------------------'

                        SIGNATURE: N/A


                                                                      Page 4
ispLEVER Classic 2.0.00.17.20.15  -  Device Utilization Chart         Fri May 20 05:29:54 2016

Jukebox Display

P16V8R Resource Allocations:
--------------------------------------------------------------------------------



        Device        | Resource  |   Design    |
       Resources      | Available | Requirement | Unused
======================|===========|=============|==============
                      |           |             |
Input Pins:           |           |             |
                      |           |             |
          Input:      |     10    |      1      |    9 ( 90 %)
                      |           |             |
Output Pins:          |           |             |
                      |           |             |
          In/Out:     |      8    |      8      |    0 (  0 %)
          Output:     |      -    |      -      |    -
                      |           |             |
Buried Nodes:         |           |             |
                      |           |             |
          Input Reg:  |      -    |      -      |    -
          Pin Reg:    |      8    |      1      |    7 ( 87 %)
          Buried Reg: |      -    |      -      |    -


                                                                      Page 5
ispLEVER Classic 2.0.00.17.20.15  -  Device Utilization Chart         Fri May 20 05:29:54 2016

Jukebox Display

P16V8R Product Terms Distribution:
--------------------------------------------------------------------------------



            Signal                       |    Pin   | Terms | Terms | Terms
             Name                        | Assigned | Used  |  Max  | Unused
=========================================|==========|=======|=======|=======
UD                                       |   13     |   0   |   7   |   7
POTCS                                    |   14     |   0   |   7   |   7
DISPE                                    |   15     |   0   |   7   |   7
DSPRW                                    |   16     |   0   |   7   |   7
DSPCS                                    |   17     |   0   |   7   |   7
oSRDY                                    |   18     |   0   |   7   |   7
DSPDIR                                   |   19     |   0   |   7   |   7
St0.D                                    |   12     |   0   |   8   |   8


     ==== List of Inputs/Feedbacks ====

Signal Name                              | Pin      | Pin Type
=========================================|==========|=========
Clock                                    |    1     | CLK


                                                                      Page 6
ispLEVER Classic 2.0.00.17.20.15  -  Device Utilization Chart         Fri May 20 05:29:54 2016

Jukebox Display

P16V8R Unused Resources:
--------------------------------------------------------------------------------



 Pin   |  Pin   |   Product   | Flip-flop
Number |  Type  |   Terms     |   Type
=======|========|=============|==========
    2  |  INPUT |      -      |    -   
    3  |  INPUT |      -      |    -   
    4  |  INPUT |      -      |    -   
    5  |  INPUT |      -      |    -   
    6  |  INPUT |      -      |    -   
    7  |  INPUT |      -      |    -   
    8  |  INPUT |      -      |    -   
    9  |  INPUT |      -      |    -   
