

                                                                      Page 1
ispLEVER Classic 2.0.00.17.20.15  -  Device Utilization Chart         Sun Sep 25 16:25:53 2016

Jukebox CPLD



--------------------------------------------------------------------------------

Module                   : 'jukebox'

--------------------------------------------------------------------------------

Input files:

    ABEL PLA file        : gal16v8.tt3
    Device library       : P16V8R.dev

Output files:

    Report file          : gal16v8.rpt
    Programmer load file : gal16v8.jed

--------------------------------------------------------------------------------


                                                                      Page 2
ispLEVER Classic 2.0.00.17.20.15  -  Device Utilization Chart         Sun Sep 25 16:25:53 2016

Jukebox CPLD

P16V8R Programmed Logic:
--------------------------------------------------------------------------------



SRDY     = (  !St3.Q & !St1.Q & St0.Q 
            #   St3.Q & St2.Q & St1.Q & St0.Q & iSRDY );
SRDY.OE  = (1);

DISP     = !(  !St2.Q & !St0.Q 
            #   St3.Q & St2.Q & St1.Q & St0.Q 
            #   !DTR 
            #   A0 );
DISP.OE  = (1);

DRW     = !(  !St2.Q & !St0.Q 
           #   St3.Q & St2.Q & St1.Q & St0.Q 
           #   DTR 
           #   A0 );
DRW.OE  = (1);

DISPE     = !(  !St2.Q & !St0.Q 
             #   St3.Q & St2.Q & St1.Q 
             #   !St3.Q & !St2.Q & !St1.Q );
DISPE.OE  = (1);

St3.D   = (  !St3.Q & St2.Q & !RESET 
           #   !St2.Q & St1.Q & St0.Q & !RESET 
           #   !St3.Q & St0.Q & !RESET & !PCS5 ); " ISTYPE 'INVERT'
St3.C   = (  Clock );

St2.D   = (  St3.Q & !St2.Q & St0.Q & !RESET 
           #   St3.Q & !St1.Q & St0.Q & !RESET 
           #   St2.Q & !St1.Q & St0.Q & !RESET 
           #   !St1.Q & St0.Q & !RESET & !PCS5 
           #   !St3.Q & St2.Q & !St1.Q & !RESET & DTR ); " ISTYPE 'INVERT'
St2.C   = (  Clock );

St1.D   = (  St2.Q & !St1.Q & !RESET 
           #   St2.Q & !St0.Q & !RESET 
           #   !St3.Q & !St1.Q & St0.Q & !RESET & !PCS5 ); " ISTYPE 'INVERT'
St1.C   = (  Clock );

St0.D   = (  !St3.Q & St2.Q & St1.Q & !RESET 
           #   St2.Q & St1.Q & !St0.Q & !RESET 
           #   St2.Q & St1.Q & iSRDY & !RESET & !PCS5 ); " ISTYPE 'INVERT'
St0.C   = (  Clock );



                                                                      Page 3
ispLEVER Classic 2.0.00.17.20.15  -  Device Utilization Chart         Sun Sep 25 16:25:53 2016

Jukebox CPLD

P16V8R Chip Diagram:
--------------------------------------------------------------------------------




                                    P16V8R

                         +---------\       /---------+
                         |          \     /          |
                         |           -----           |
                   Clock |  1                    20  | Vcc                     
                         |                           |
                   iSRDY |  2                    19  | !St0                    
                         |                           |
                         |  3                    18  | !St1                    
                         |                           |
                    PCS5 |  4                    17  | !DISPE                  
                         |                           |
                   RESET |  5                    16  | !DRW                    
                         |                           |
                     DTR |  6                    15  | !St2                    
                         |                           |
                      A0 |  7                    14  | !DISP                   
                         |                           |
                         |  8                    13  | !SRDY                   
                         |                           |
                         |  9                    12  | !St3                    
                         |                           |
                     GND | 10                    11  |                         
                         |                           |
                         |                           |
                         `---------------------------'

                        SIGNATURE: N/A


                                                                      Page 4
ispLEVER Classic 2.0.00.17.20.15  -  Device Utilization Chart         Sun Sep 25 16:25:53 2016

Jukebox CPLD

P16V8R Resource Allocations:
--------------------------------------------------------------------------------



        Device        | Resource  |   Design    |
       Resources      | Available | Requirement | Unused
======================|===========|=============|==============
                      |           |             |
Input Pins:           |           |             |
                      |           |             |
          Input:      |     10    |      6      |    4 ( 40 %)
                      |           |             |
Output Pins:          |           |             |
                      |           |             |
          In/Out:     |      8    |      8      |    0 (  0 %)
          Output:     |      -    |      -      |    -
                      |           |             |
Buried Nodes:         |           |             |
                      |           |             |
          Input Reg:  |      -    |      -      |    -
          Pin Reg:    |      8    |      4      |    4 ( 50 %)
          Buried Reg: |      -    |      -      |    -


                                                                      Page 5
ispLEVER Classic 2.0.00.17.20.15  -  Device Utilization Chart         Sun Sep 25 16:25:53 2016

Jukebox CPLD

P16V8R Product Terms Distribution:
--------------------------------------------------------------------------------



            Signal                       |    Pin   | Terms | Terms | Terms
             Name                        | Assigned | Used  |  Max  | Unused
=========================================|==========|=======|=======|=======
SRDY                                     |   13     |   2   |   7   |   5
DISP                                     |   14     |   4   |   7   |   3
DRW                                      |   16     |   4   |   7   |   3
DISPE                                    |   17     |   3   |   7   |   4
St3.D                                    |   12     |   3   |   8   |   5
St2.D                                    |   15     |   5   |   8   |   3
St1.D                                    |   18     |   3   |   8   |   5
St0.D                                    |   19     |   3   |   8   |   5


     ==== List of Inputs/Feedbacks ====

Signal Name                              | Pin      | Pin Type
=========================================|==========|=========
Clock                                    |    1     | CLK
iSRDY                                    |    2     | INPUT
RESET                                    |    5     | INPUT
PCS5                                     |    4     | INPUT
DTR                                      |    6     | INPUT
A0                                       |    7     | INPUT


                                                                      Page 6
ispLEVER Classic 2.0.00.17.20.15  -  Device Utilization Chart         Sun Sep 25 16:25:53 2016

Jukebox CPLD

P16V8R Unused Resources:
--------------------------------------------------------------------------------



 Pin   |  Pin   |   Product   | Flip-flop
Number |  Type  |   Terms     |   Type
=======|========|=============|==========
    3  |  INPUT |      -      |    -   
    8  |  INPUT |      -      |    -   
    9  |  INPUT |      -      |    -   
